{"width":390,"reaching":"memo"}
{"width":390,"reaching":"partner"}
{"width":390,"reaching":"analyst"}
{"width":390,"reaching":"fund-office"}
{"width":390,"reaching":"contract"}
{"width":390,"reaching":"forecast"}
{"width":390,"reaching":"founder"}
{"width":390,"reaching":"office-records"}
{"width":390,"reaching":"payment"}
{"width":390,"reaching":"appendix"}
{"width":390,"reaching":"cash"}
{"width":390,"reaching":"channel"}
{"width":390,"reaching":"finance"}
{"width":390,"reaching":"records-office"}
{"width":390,"reaching":"office-client"}
{"width":390,"reaching":"rollout"}
{"width":390,"reaching":"acceptance"}
{"width":390,"reaching":"reference"}
{"width":390,"reaching":"client"}
{"width":390,"reaching":"client-office"}
{"width":390,"reaching":"founder"}
{"width":390,"reaching":"office-fund"}
{"width":390,"reaching":"committee"}
{"width":390,"reaching":"committee"}
{"width":390,"height":844,"passed":true}
{"width":320,"reaching":"memo"}
{"width":320,"reaching":"partner"}
{"width":320,"reaching":"analyst"}
{"width":320,"reaching":"fund-office"}
{"width":320,"reaching":"contract"}
{"width":320,"reaching":"forecast"}
{"width":320,"reaching":"founder"}
{"width":320,"reaching":"office-records"}
{"width":320,"reaching":"payment"}
{"width":320,"reaching":"appendix"}
{"width":320,"reaching":"cash"}
{"width":320,"reaching":"channel"}
{"width":320,"reaching":"finance"}
{"width":320,"reaching":"records-office"}
{"width":320,"reaching":"office-client"}
{"width":320,"reaching":"rollout"}
{"width":320,"reaching":"acceptance"}
{"width":320,"reaching":"reference"}
{"width":320,"reaching":"client"}
{"width":320,"reaching":"client-office"}
{"width":320,"reaching":"founder"}
{"width":320,"reaching":"office-fund"}
{"width":320,"reaching":"committee"}
{"width":320,"reaching":"committee"}
{"width":320,"height":568,"passed":true}
